cxx_main.cpp: In function ‘int main(int, char**)’:
cxx_main.cpp:115:23: warning: ISO C++ forbids converting a string constant to ‘char*’ [-Wwrite-strings]
  syncnext("Init", Comm); // 1
                       ^
cxx_main.cpp:258:28: warning: ISO C++ forbids converting a string constant to ‘char*’ [-Wwrite-strings]
  syncnext("Read file", Comm);
                            ^
cxx_main.cpp:273:39: warning: ISO C++ forbids converting a string constant to ‘char*’ [-Wwrite-strings]
   syncnext("Before distribution", Comm);
                                       ^
cxx_main.cpp:295:32: warning: ISO C++ forbids converting a string constant to ‘char*’ [-Wwrite-strings]
  syncnext("Fill complete", Comm); 
                                ^
cxx_main.cpp:309:29: warning: ISO C++ forbids converting a string constant to ‘char*’ [-Wwrite-strings]
  syncnext("SolverInit", Comm); 
                             ^
cxx_main.cpp:313:24: warning: ISO C++ forbids converting a string constant to ‘char*’ [-Wwrite-strings]
  syncnext("Solve", Comm); // 4
                        ^
cxx_main.o: In function `main':
cxx_main.cpp:(.text.startup+0x84): undefined reference to `Epetra_MpiComm::Epetra_MpiComm(ompi_communicator_t*)'
cxx_main.cpp:(.text.startup+0xeb): undefined reference to `Epetra_Object::Label() const'
cxx_main.cpp:(.text.startup+0x36a): undefined reference to `Epetra_MpiComm::~Epetra_MpiComm()'
cxx_main.cpp:(.text.startup+0x5fa): undefined reference to `Epetra_CrsMatrix::FillComplete(bool)'
cxx_main.cpp:(.text.startup+0x63b): undefined reference to `Epetra_LinearProblem::Epetra_LinearProblem(Epetra_RowMatrix*, Epetra_MultiVector*, Epetra_MultiVector*)'
cxx_main.cpp:(.text.startup+0x653): undefined reference to `AztecOO::AztecOO(Epetra_LinearProblem const&)'
cxx_main.cpp:(.text.startup+0x68b): undefined reference to `AztecOO::Iterate(long long, double)'
cxx_main.cpp:(.text.startup+0x784): undefined reference to `Epetra_CrsMatrix::Epetra_CrsMatrix(Epetra_DataAccess, Epetra_Map const&, int, bool)'
cxx_main.cpp:(.text.startup+0x79e): undefined reference to `Epetra_Export::Epetra_Export(Epetra_BlockMap const&, Epetra_BlockMap const&)'
cxx_main.cpp:(.text.startup+0x7c3): undefined reference to `Epetra_DistObject::Export(Epetra_SrcDistObject const&, Epetra_Export const&, Epetra_CombineMode, Epetra_OffsetIndex const*)'
cxx_main.cpp:(.text.startup+0x7cb): undefined reference to `Epetra_Export::~Epetra_Export()'
cxx_main.cpp:(.text.startup+0x892): undefined reference to `Epetra_Map::Epetra_Map(int, int, Epetra_Comm const&)'
cxx_main.cpp:(.text.startup+0x92e): undefined reference to `Epetra_Map::Epetra_Map(int, int, Epetra_Comm const&)'
cxx_main.cpp:(.text.startup+0x950): undefined reference to `Epetra_Vector::Epetra_Vector(Epetra_BlockMap const&, bool)'
cxx_main.cpp:(.text.startup+0x96f): undefined reference to `Epetra_Vector::Epetra_Vector(Epetra_BlockMap const&, bool)'
cxx_main.cpp:(.text.startup+0x98c): undefined reference to `Epetra_Vector::Epetra_Vector(Epetra_BlockMap const&, bool)'
cxx_main.cpp:(.text.startup+0xa3b): undefined reference to `EpetraExt::MatrixMarketFileToCrsMatrix(char const*, Epetra_Map const&, Epetra_CrsMatrix*&, bool, bool)'
cxx_main.cpp:(.text.startup+0xdeb): undefined reference to `Epetra_Map::Epetra_Map(int, int, Epetra_Comm const&)'
cxx_main.cpp:(.text.startup+0xfc1): undefined reference to `Epetra_MpiComm::MaxAll(int*, int*, int) const'
cxx_main.cpp:(.text.startup+0xfe8): undefined reference to `Epetra_Map::Epetra_Map(int, int, Epetra_Comm const&)'
cxx_main.cpp:(.text.startup+0x1005): undefined reference to `Epetra_Vector::Epetra_Vector(Epetra_BlockMap const&, bool)'
cxx_main.cpp:(.text.startup+0x1024): undefined reference to `Epetra_Vector::Epetra_Vector(Epetra_BlockMap const&, bool)'
cxx_main.cpp:(.text.startup+0x1041): undefined reference to `Epetra_Vector::Epetra_Vector(Epetra_BlockMap const&, bool)'
cxx_main.cpp:(.text.startup+0x158e): undefined reference to `Epetra_MpiComm::~Epetra_MpiComm()'
cxx_main.cpp:(.text.startup+0x17a0): undefined reference to `Epetra_Export::~Epetra_Export()'
collect2: error: ld returned 1 exit status
make: *** [cxx_main] Error 1
